[Wed Apr 29 05:08:43 PM EDT 2026] Target: ablation_study
[Wed Apr 29 05:08:43 PM EDT 2026] Train command: python ablation_study.py  --output_dir results
2026-04-29 17:11:23,515 - INFO - 
======================================================================
2026-04-29 17:11:23,515 - INFO - PREPARING DATA SPLITS
2026-04-29 17:11:23,515 - INFO - ======================================================================
2026-04-29 17:11:24,763 - INFO - Applied sample read-count filter: threshold=min(q05=43185.50, 50000)=43185.50; kept 485/511 samples; dropped 26.
Traceback (most recent call last):
  File "/scratch/eboehly/Metabarcoding/analysis/ablation_study/ablation_study.py", line 828, in <module>
    results = run_ablation_study(
              ^^^^^^^^^^^^^^^^^^^
  File "/scratch/eboehly/Metabarcoding/analysis/ablation_study/ablation_study.py", line 677, in run_ablation_study
    _, _, _, _, split_indices, _ = load(cfg, save_data=False)
                                   ^^^^^^^^^^^^^^^^^^^^^^^^^^
  File "/scratch/eboehly/Metabarcoding/analysis/ablation_study/../../src/utils.py", line 430, in load
    embeddings_array, bins_with_embedding_arr = _load_or_compute_embeddings(config, taxonomy_df["bin_uri"].tolist())
                                                ^^^^^^^^^^^^^^^^^^^^^^^^^^^^^^^^^^^^^^^^^^^^^^^^^^^^^^^^^^^^^^^^^^^^
  File "/scratch/eboehly/Metabarcoding/analysis/ablation_study/../../src/utils.py", line 190, in _load_or_compute_embeddings
    raise ValueError(
ValueError: use_embedding=True requires at least one of:
  config.embedding_path  — path to a precomputed .npy embedding file
  config.barcode_data_path — path to a TSV with 'bin_uri' and 'seq' columns
