[Wed Apr 29 05:08:43 PM EDT 2026] Target: baselines_comparison
[Wed Apr 29 05:08:43 PM EDT 2026] Running baselines_comparison (analysis/baselines); this is separate from --baseline-train (src/train.py --model baseline)
[Wed Apr 29 05:08:43 PM EDT 2026] Train command: python run_baselines.py --data_path /home/eboehly/scratch/Metabarcoding/data/ecuador_training_data.csv --output_dir results

============================================================
LOADING AND PREPROCESSING DATA
============================================================
Loading data from: /home/eboehly/scratch/Metabarcoding/data/ecuador_training_data.csv
Found 100 samples, 15539 bins, 79012 observations
Observation features: 15
Taxonomy features: 7
Total features: 22

Split sizes:
  Train samples: 80
  Val samples: 10
  Test samples: 10

Observation counts:
  Train: 62187
  Val: 8858
  Test: 7967

Zero inflation:
  Train: 36276/62187 (58.3%)
  Val: 4790/8858 (54.1%)
  Test: 4485/7967 (56.3%)

Running 15 baseline models:
  - mean
  - zero
  - linear_regression
  - ridge
  - ridge_high_reg
  - elasticnet
  - decision_tree
  - random_forest
  - gradient_boosting
  - knn
  - two_stage
  - zero_inflated_ridge
  - tweedie
  - log_transform
  - quantile_rf

============================================================
Training: Mean Baseline
============================================================
  Validation - RMSE: 0.0043, MAE: 0.0015, R²: -0.0013
  Test       - RMSE: 0.0053, MAE: 0.0016, R²: -0.0000
  Zero Recall (test): 0.00%

============================================================
Training: Zero Baseline
============================================================
  Validation - RMSE: 0.0044, MAE: 0.0011, R²: -0.0692
  Test       - RMSE: 0.0054, MAE: 0.0013, R²: -0.0571
  Zero Recall (test): 100.00%

============================================================
Training: Linear Regression
============================================================
  Validation - RMSE: 0.0039, MAE: 0.0012, R²: 0.1574
  Test       - RMSE: 0.0047, MAE: 0.0013, R²: 0.1992
  Zero Recall (test): 18.89%

============================================================
Training: Ridge Regression (alpha=1.0)
============================================================
  Validation - RMSE: 0.0039, MAE: 0.0012, R²: 0.1574
  Test       - RMSE: 0.0047, MAE: 0.0013, R²: 0.1991
  Zero Recall (test): 18.89%

============================================================
Training: Ridge Regression (alpha=10.0)
============================================================
  Validation - RMSE: 0.0039, MAE: 0.0012, R²: 0.1579
  Test       - RMSE: 0.0047, MAE: 0.0013, R²: 0.1985
  Zero Recall (test): 18.89%

============================================================
Training: ElasticNet (alpha=0.1, l1=0.5)
============================================================
  Validation - RMSE: 0.0043, MAE: 0.0015, R²: -0.0013
  Test       - RMSE: 0.0053, MAE: 0.0016, R²: -0.0000
  Zero Recall (test): 0.00%

============================================================
Training: Decision Tree (depth=10)
============================================================
  Validation - RMSE: 0.0038, MAE: 0.0010, R²: 0.2154
  Test       - RMSE: 0.0039, MAE: 0.0010, R²: 0.4489
  Zero Recall (test): 1.07%

============================================================
Training: Random Forest (n=100, depth=15)
============================================================
  Validation - RMSE: 0.0031, MAE: 0.0009, R²: 0.4715
  Test       - RMSE: 0.0037, MAE: 0.0010, R²: 0.5044
  Zero Recall (test): 0.00%

============================================================
Training: Gradient Boosting (n=100, lr=0.1)
============================================================
  Validation - RMSE: 0.0032, MAE: 0.0009, R²: 0.4572
  Test       - RMSE: 0.0034, MAE: 0.0010, R²: 0.5866
  Zero Recall (test): 24.30%

============================================================
Training: KNN (k=78)
============================================================
  Validation - RMSE: 0.0034, MAE: 0.0010, R²: 0.3856
  Test       - RMSE: 0.0048, MAE: 0.0012, R²: 0.1799
  Zero Recall (test): 13.27%

============================================================
Training: Two-Stage (Hurdle) Model
============================================================
  Validation - RMSE: 0.0030, MAE: 0.0009, R²: 0.5020
  Test       - RMSE: 0.0037, MAE: 0.0010, R²: 0.5065
  Zero Recall (test): 2.88%

============================================================
Training: Zero-Inflated Ridge (alpha=1.0)
============================================================
  Validation - RMSE: 0.0040, MAE: 0.0010, R²: 0.1214
  Test       - RMSE: 0.0107, MAE: 0.0013, R²: -3.1110
  Zero Recall (test): 0.04%

============================================================
Training: Tweedie (power=1.5)
============================================================
  Validation - RMSE: 0.0043, MAE: 0.0015, R²: -0.0013
  Test       - RMSE: 0.0053, MAE: 0.0016, R²: -0.0000
  Zero Recall (test): 0.00%

============================================================
Training: Log-Transform Model
============================================================
  Validation - RMSE: 0.0037, MAE: 0.0009, R²: 0.2662
  Test       - RMSE: 0.0042, MAE: 0.0010, R²: 0.3709
  Zero Recall (test): 74.45%

============================================================
Training: Quantile RF (q=0.5)
============================================================
  Validation - RMSE: 0.0032, MAE: 0.0008, R²: 0.4319
  Test       - RMSE: 0.0039, MAE: 0.0009, R²: 0.4391
  Zero Recall (test): 15.81%

================================================================================
BASELINE MODEL RESULTS
================================================================================
                      rmse    mae      r2  mse_zeros  mse_nonzeros  zero_recall
Model                                                                          
gradient_boosting   0.0034 0.0010  0.5866     0.0000        0.0000       0.2430
two_stage           0.0037 0.0010  0.5065     0.0000        0.0000       0.0288
random_forest       0.0037 0.0010  0.5044     0.0000        0.0000       0.0000
decision_tree       0.0039 0.0010  0.4489     0.0000        0.0000       0.0107
quantile_rf         0.0039 0.0009  0.4391     0.0000        0.0000       0.1581
log_transform       0.0042 0.0010  0.3709     0.0000        0.0000       0.7445
linear_regression   0.0047 0.0013  0.1992     0.0000        0.0000       0.1889
ridge               0.0047 0.0013  0.1991     0.0000        0.0000       0.1889
ridge_high_reg      0.0047 0.0013  0.1985     0.0000        0.0000       0.1889
knn                 0.0048 0.0012  0.1799     0.0000        0.0001       0.1327
mean                0.0053 0.0016 -0.0000     0.0000        0.0001       0.0000
elasticnet          0.0053 0.0016 -0.0000     0.0000        0.0001       0.0000
tweedie             0.0053 0.0016 -0.0000     0.0000        0.0001       0.0000
zero                0.0054 0.0013 -0.0571     0.0000        0.0001       1.0000
zero_inflated_ridge 0.0107 0.0013 -3.1110     0.0000        0.0003       0.0004
================================================================================

Results saved to: results/baseline_results_test_20260429_171005.csv
Unified visualization payload saved to: results/baseline_model_comparison_results_20260429_171005.pkl
Results saved to: results/baseline_results_val_20260429_171005.csv
Summary report saved to: results/baseline_summary_20260429_171005.txt

🏆 Best model by RMSE: gradient_boosting (RMSE=0.0034)
[Wed Apr 29 05:08:43 PM EDT 2026] Visualization inputs: /home/eboehly/scratch/Metabarcoding/analysis/baselines/results/baseline_model_comparison_results_20260424_010205.pkl /home/eboehly/scratch/Metabarcoding/analysis/baselines/results/baseline_model_comparison_results_20260429_171005.pkl
2026-04-29 17:10:09,533 INFO Loading results from --results_paths (2 file(s)) ...
Traceback (most recent call last):
  File "/scratch/eboehly/Metabarcoding/analysis/visualize_results.py", line 2095, in <module>
    results = load_results_multi(args.results_path, args.results_paths)
              ^^^^^^^^^^^^^^^^^^^^^^^^^^^^^^^^^^^^^^^^^^^^^^^^^^^^^^^^^
  File "/scratch/eboehly/Metabarcoding/analysis/visualize_results.py", line 2047, in load_results_multi
    merged = _merge_results_dicts(loaded)
             ^^^^^^^^^^^^^^^^^^^^^^^^^^^^
  File "/scratch/eboehly/Metabarcoding/analysis/visualize_results.py", line 2000, in _merge_results_dicts
    raise ValueError(
ValueError: Duplicate model key 'mean' while merging results. Use --labels to rename display names or avoid duplicate file/model keys.
