[Fri May  1 04:53:12 PM EDT 2026] baselines_comparison / zero_inflated_ridge
Loading data from: /scratch/eboehly/Metabarcoding/data/data_merged.csv
  Zero-Inflated Ridge (alpha=1.0) ... Traceback (most recent call last):
  File "/scratch/eboehly/Metabarcoding/analysis/baselines/run_baselines.py", line 257, in <module>
    main()
  File "/scratch/eboehly/Metabarcoding/analysis/baselines/run_baselines.py", line 240, in main
    run_one_variant(
  File "/scratch/eboehly/Metabarcoding/analysis/baselines/run_baselines.py", line 187, in run_one_variant
    payload = train_and_evaluate(
              ^^^^^^^^^^^^^^^^^^^
  File "/scratch/eboehly/Metabarcoding/analysis/baselines/run_baselines.py", line 62, in train_and_evaluate
    model.fit(X_train, y_train)
  File "/scratch/eboehly/Metabarcoding/analysis/baselines/models.py", line 317, in fit
    X_pos = X.loc[positive_mask]
            ~~~~~^^^^^^^^^^^^^^^
  File "/home/eboehly/barcode/lib/python3.11/site-packages/pandas/core/indexing.py", line 1191, in __getitem__
    return self._getitem_axis(maybe_callable, axis=axis)
           ^^^^^^^^^^^^^^^^^^^^^^^^^^^^^^^^^^^^^^^^^^^^^
  File "/home/eboehly/barcode/lib/python3.11/site-packages/pandas/core/indexing.py", line 1413, in _getitem_axis
    return self._getbool_axis(key, axis=axis)
           ^^^^^^^^^^^^^^^^^^^^^^^^^^^^^^^^^^
  File "/home/eboehly/barcode/lib/python3.11/site-packages/pandas/core/indexing.py", line 1209, in _getbool_axis
    key = check_bool_indexer(labels, key)
          ^^^^^^^^^^^^^^^^^^^^^^^^^^^^^^^
  File "/home/eboehly/barcode/lib/python3.11/site-packages/pandas/core/indexing.py", line 2662, in check_bool_indexer
    raise IndexingError(
pandas.errors.IndexingError: Unalignable boolean Series provided as indexer (index of the boolean Series and of the indexed object do not match).
