[Wed Apr 29 05:08:43 PM EDT 2026] Target: latent_as_in_and_output
[Wed Apr 29 05:08:43 PM EDT 2026] Train command: python latent_as_in_and_output.py  --output_dir results
2026-04-29 17:11:01,807 - INFO - 
======================================================================
2026-04-29 17:11:01,807 - INFO - TRAINING VARIANT both_dim_5 (latent_input_dim=5, embed_dim=5)
2026-04-29 17:11:01,808 - INFO - ======================================================================
wandb: [wandb.login()] Loaded credentials for https://api.wandb.ai from /home/eboehly/.netrc.
wandb: Currently logged in as: emma-boehly (emma-boehly-epfl) to https://api.wandb.ai. Use `wandb login --relogin` to force relogin
wandb: WARNING Using a boolean value for 'reinit' is deprecated. Use 'return_previous' or 'finish_previous' instead.
wandb: setting up run 69348rzc
wandb: Tracking run with wandb version 0.24.0
wandb: Run data is saved locally in /scratch/eboehly/Metabarcoding/analysis/latent_as_in_and_output/wandb/run-20260429_171102-69348rzc
wandb: Run `wandb offline` to turn off syncing.
wandb: Syncing run latent_as_in_and_output_both_dim_5_2026-04-29_17-11-01
wandb: ⭐️ View project at https://wandb.ai/emma-boehly-epfl/metabarcoding
wandb: 🚀 View run at https://wandb.ai/emma-boehly-epfl/metabarcoding/runs/69348rzc
2026-04-29 17:11:07,782 - INFO - Applied sample read-count filter: threshold=min(q05=43185.50, 50000)=43185.50; kept 485/511 samples; dropped 26.
wandb: updating run metadata
wandb: uploading config.yaml
wandb: 🚀 View run latent_as_in_and_output_both_dim_5_2026-04-29_17-11-01 at: https://wandb.ai/emma-boehly-epfl/metabarcoding/runs/69348rzc
wandb: ⭐️ View project at: https://wandb.ai/emma-boehly-epfl/metabarcoding
wandb: Synced 5 W&B file(s), 0 media file(s), 0 artifact file(s) and 0 other file(s)
wandb: Find logs at: ./wandb/run-20260429_171102-69348rzc/logs
Traceback (most recent call last):
  File "/scratch/eboehly/Metabarcoding/analysis/latent_as_in_and_output/latent_as_in_and_output.py", line 160, in <module>
    results = run_comparison(use_wandb=use_wandb, run_group=run_group)
              ^^^^^^^^^^^^^^^^^^^^^^^^^^^^^^^^^^^^^^^^^^^^^^^^^^^^^^^^
  File "/scratch/eboehly/Metabarcoding/analysis/latent_as_in_and_output/latent_as_in_and_output.py", line 131, in run_comparison
    local_trainer = LocalTrainer(local_cfg, model_name=variant_name)
                    ^^^^^^^^^^^^^^^^^^^^^^^^^^^^^^^^^^^^^^^^^^^^^^^^
  File "/scratch/eboehly/Metabarcoding/analysis/latent_as_in_and_output/train.py", line 79, in __init__
    data, taxonomy_df, embeddings_array, bins_with_embedding_arr, bin_index, sample_index, split_indices, preprocessing_state_path = load(
                                                                                                                                     ^^^^^
  File "/scratch/eboehly/Metabarcoding/src/utils.py", line 352, in load
    elif config.remove_excess:
         ^^^^^^^^^^^^^^^^^^^^
AttributeError: 'Config' object has no attribute 'remove_excess'
