[Wed Apr 29 05:08:44 PM EDT 2026] Target: preprocessing
[Wed Apr 29 05:08:44 PM EDT 2026] Train command: python utils_test.py && python read_count_preprocessing.py  --output_dir results
2026-04-29 17:11:55,985 - INFO - ======================================================================
2026-04-29 17:11:55,985 - INFO - GENERATING DATASETS WITH DIFFERENT PREPROCESSING METHODS
2026-04-29 17:11:55,985 - INFO - ======================================================================
2026-04-29 17:11:55,985 - INFO - 
Generating split indices...
2026-04-29 17:11:57,716 - INFO - Applied sample read-count filter: threshold=min(q05=43185.50, 50000)=43185.50; kept 485/511 samples; dropped 26.
Traceback (most recent call last):
  File "/scratch/eboehly/Metabarcoding/analysis/preprocessing/utils_test.py", line 697, in <module>
    _, _, _, _, _, _, split_indices, _ = load(
                                         ^^^^^
  File "/scratch/eboehly/Metabarcoding/analysis/preprocessing/utils_test.py", line 458, in load
    embeddings_array, bins_with_embedding_arr = _load_or_compute_embeddings(config, taxonomy_df["bin_uri"].tolist())
                                                ^^^^^^^^^^^^^^^^^^^^^^^^^^^^^^^^^^^^^^^^^^^^^^^^^^^^^^^^^^^^^^^^^^^^
  File "/scratch/eboehly/Metabarcoding/analysis/preprocessing/utils_test.py", line 195, in _load_or_compute_embeddings
    raise ValueError(
ValueError: use_embedding=True requires at least one of:
  config.embedding_path  — path to a precomputed .npy embedding file
  config.barcode_data_path — path to a TSV with 'bin_uri' and 'seq' columns
[Wed Apr 29 05:08:44 PM EDT 2026] No result files matched patterns: preprocessing/results/preprocessing_*.pkl
